
[DEBUG] PANDAS LLM GENERATED: len(df[df['Category'].str.contains('kitchen', case=False, na=False) & df['Product Name'].str.contains('knife', case=False, na=False) & df['Status'].str.contains('return', case=False, na=False)])


--- FINAL ANSWER ---
According to our analytical aggregations, the result is 0. This means that there are no kitchen knives that have been returned.
